Using GPU
Args in experiment:
[1mBasic Config[0m
  Task Name:          long_term_forecast  Is Training:        1                   
  Model ID:           Exchange_1          Model:              Mamba               

[1mData Loader[0m
  Data:               custom              Root Path:          ./dataset/exchange_rate/
  Data Path:          exchange_rate.csv   Features:           M                   
  Target:             OT                  Freq:               h                   
  Checkpoints:        ./checkpoints/      

[1mForecasting Task[0m
  Seq Len:            96                  Label Len:          48                  
  Pred Len:           1                   Seasonal Patterns:  Monthly             
  Inverse:            0                   

[1mModel Parameters[0m
  Top k:              5                   Num Kernels:        6                   
  Enc In:             5                   Dec In:             5                   
  C Out:              5                   d model:            256                 
  n heads:            8                   e layers:           2                   
  d layers:           1                   d FF:               16                  
  Moving Avg:         25                  Factor:             1                   
  Distil:             1                   Dropout:            0.1                 
  Embed:              timeF               Activation:         gelu                

[1mRun Parameters[0m
  Num Workers:        10                  Itr:                1                   
  Train Epochs:       150                 Batch Size:         32                  
  Patience:           999                 Learning Rate:      0.0001              
  Des:                Exp                 Loss:               MSE                 
  Lradj:              type1               Use Amp:            0                   

[1mGPU[0m
  Use GPU:            1                   GPU:                0                   
  Use Multi GPU:      0                   Devices:            0,1,2,3             

[1mDe-stationary Projector Params[0m
  P Hidden Dims:      128, 128            P Hidden Layers:    2                   

Please make sure you have successfully installed mamba_ssm
Use GPU: cuda:0
wandb: Currently logged in as: blessingeleer-programming (blessingeleer-programming-university-of-the-witwatersrand). Use `wandb login --relogin` to force relogin
wandb: wandb version 0.22.2 is available!  To upgrade, please run:
wandb:  $ pip install wandb --upgrade
wandb: Tracking run with wandb version 0.16.6
wandb: Run data is saved locally in /home-mscluster/bkodze/Time-Series-Library/wandb/run-20251027_000529-xhhtdkaj
wandb: Run `wandb offline` to turn off syncing.
wandb: Syncing run Mamba_custom_sl96_pl1
wandb: ⭐️ View project at https://wandb.ai/blessingeleer-programming-university-of-the-witwatersrand/financial-forecasting2
wandb: 🚀 View run at https://wandb.ai/blessingeleer-programming-university-of-the-witwatersrand/financial-forecasting2/runs/xhhtdkaj
✅ W&B initialized: Mamba_custom_sl96_pl1
   Dashboard: https://wandb.ai/blessingeleer-programming-university-of-the-witwatersrand/financial-forecasting2/runs/xhhtdkaj
>>>>>>>start training : long_term_forecast_Exchange_1_Mamba_custom_ftM_sl96_ll48_pl1_dm256_nh8_el2_dl1_df16_expand2_dc4_fc1_ebtimeF_dtTrue_Exp_0>>>>>>>>>>>>>>>>>>>>>>>>>>
============================================================
DATASET SPLIT INFO (90/5/5):
============================================================
Total samples: 5193
Train: 4673 samples (90%) - rows 0 to 4672
Val: 259 samples (5%) - rows 4673 to 4931
Test: 261 samples (5%) - rows 4932 to 5192
Sequence length: 96, Prediction length: 1
============================================================
train 4577
val 259
test 261
Validation loss decreased (inf --> 0.025986).  Saving model ...
Updating learning rate to 0.0001
EarlyStopping counter: 1 out of 999
Updating learning rate to 5e-05
EarlyStopping counter: 2 out of 999
Updating learning rate to 2.5e-05
Validation loss decreased (0.025986 --> 0.024025).  Saving model ...
Updating learning rate to 1.25e-05
EarlyStopping counter: 1 out of 999
Updating learning rate to 6.25e-06
EarlyStopping counter: 2 out of 999
Updating learning rate to 3.125e-06
wandb: WARNING Step only supports monotonically increasing values, use define_metric to set a custom x axis. For details see: https://wandb.me/define-metric
wandb: WARNING (User provided step: 0 is less than current step: 2. Dropping entry: {'epoch': 0, 'train/loss': 0.06114600951938579, 'val/loss': 0.025985917904310755, 'test/loss': 0.048653990858130984, '_timestamp': 1761516341.9978056}).
wandb: WARNING (User provided step: 1 is less than current step: 2. Dropping entry: {'epoch': 1, 'train/loss': 0.05226559504323328, 'val/loss': 0.029225082861052618, 'test/loss': 0.0493242202533616, '_timestamp': 1761516344.4423614}).
Validation loss decreased (0.024025 --> 0.023386).  Saving model ...
Updating learning rate to 1.5625e-06
EarlyStopping counter: 1 out of 999
Updating learning rate to 7.8125e-07
EarlyStopping counter: 2 out of 999
Updating learning rate to 3.90625e-07
EarlyStopping counter: 3 out of 999
Updating learning rate to 1.953125e-07
EarlyStopping counter: 4 out of 999
Updating learning rate to 9.765625e-08
EarlyStopping counter: 5 out of 999
Updating learning rate to 4.8828125e-08
EarlyStopping counter: 6 out of 999
Updating learning rate to 2.44140625e-08
EarlyStopping counter: 7 out of 999
Updating learning rate to 1.220703125e-08
EarlyStopping counter: 8 out of 999
Updating learning rate to 6.103515625e-09
EarlyStopping counter: 9 out of 999
Updating learning rate to 3.0517578125e-09
EarlyStopping counter: 10 out of 999
Updating learning rate to 1.52587890625e-09
EarlyStopping counter: 11 out of 999
Updating learning rate to 7.62939453125e-10
EarlyStopping counter: 12 out of 999
Updating learning rate to 3.814697265625e-10
EarlyStopping counter: 13 out of 999
Updating learning rate to 1.9073486328125e-10
EarlyStopping counter: 14 out of 999
Updating learning rate to 9.5367431640625e-11
EarlyStopping counter: 15 out of 999
Updating learning rate to 4.76837158203125e-11
EarlyStopping counter: 16 out of 999
Updating learning rate to 2.384185791015625e-11
Validation loss decreased (0.023386 --> 0.023351).  Saving model ...
Updating learning rate to 1.1920928955078126e-11
EarlyStopping counter: 1 out of 999
Updating learning rate to 5.960464477539063e-12
EarlyStopping counter: 2 out of 999
Updating learning rate to 2.9802322387695314e-12
EarlyStopping counter: 3 out of 999
Updating learning rate to 1.4901161193847657e-12
EarlyStopping counter: 4 out of 999
Updating learning rate to 7.450580596923828e-13
EarlyStopping counter: 5 out of 999
Updating learning rate to 3.725290298461914e-13
EarlyStopping counter: 6 out of 999
Updating learning rate to 1.862645149230957e-13
EarlyStopping counter: 7 out of 999
Updating learning rate to 9.313225746154786e-14
EarlyStopping counter: 8 out of 999
Updating learning rate to 4.656612873077393e-14
EarlyStopping counter: 9 out of 999
Updating learning rate to 2.3283064365386964e-14
EarlyStopping counter: 10 out of 999
Updating learning rate to 1.1641532182693482e-14
EarlyStopping counter: 11 out of 999
Updating learning rate to 5.820766091346741e-15
EarlyStopping counter: 12 out of 999
Updating learning rate to 2.9103830456733705e-15
EarlyStopping counter: 13 out of 999
Updating learning rate to 1.4551915228366853e-15
EarlyStopping counter: 14 out of 999
Updating learning rate to 7.275957614183426e-16
EarlyStopping counter: 15 out of 999
Updating learning rate to 3.637978807091713e-16
Validation loss decreased (0.023351 --> 0.023270).  Saving model ...
Updating learning rate to 1.8189894035458566e-16
EarlyStopping counter: 1 out of 999
Updating learning rate to 9.094947017729283e-17
EarlyStopping counter: 2 out of 999
Updating learning rate to 4.5474735088646414e-17
EarlyStopping counter: 3 out of 999
Updating learning rate to 2.2737367544323207e-17
EarlyStopping counter: 4 out of 999
Updating learning rate to 1.1368683772161604e-17
EarlyStopping counter: 5 out of 999
Updating learning rate to 5.684341886080802e-18
EarlyStopping counter: 6 out of 999
Updating learning rate to 2.842170943040401e-18
EarlyStopping counter: 7 out of 999
Updating learning rate to 1.4210854715202004e-18
EarlyStopping counter: 8 out of 999
Updating learning rate to 7.105427357601002e-19
EarlyStopping counter: 9 out of 999
Updating learning rate to 3.552713678800501e-19
EarlyStopping counter: 10 out of 999
Updating learning rate to 1.7763568394002505e-19
EarlyStopping counter: 11 out of 999
Updating learning rate to 8.881784197001253e-20
EarlyStopping counter: 12 out of 999
Updating learning rate to 4.4408920985006264e-20
EarlyStopping counter: 13 out of 999
Updating learning rate to 2.2204460492503132e-20
EarlyStopping counter: 14 out of 999
Updating learning rate to 1.1102230246251566e-20
EarlyStopping counter: 15 out of 999
Updating learning rate to 5.551115123125783e-21
EarlyStopping counter: 16 out of 999
Updating learning rate to 2.7755575615628915e-21
EarlyStopping counter: 17 out of 999
Updating learning rate to 1.3877787807814457e-21
EarlyStopping counter: 18 out of 999
Updating learning rate to 6.938893903907229e-22
EarlyStopping counter: 19 out of 999
Updating learning rate to 3.4694469519536144e-22
EarlyStopping counter: 20 out of 999
Updating learning rate to 1.7347234759768072e-22
EarlyStopping counter: 21 out of 999
Updating learning rate to 8.673617379884036e-23
EarlyStopping counter: 22 out of 999
Updating learning rate to 4.336808689942018e-23
Validation loss decreased (0.023270 --> 0.023220).  Saving model ...
Updating learning rate to 2.168404344971009e-23
EarlyStopping counter: 1 out of 999
Updating learning rate to 1.0842021724855045e-23
EarlyStopping counter: 2 out of 999
Updating learning rate to 5.4210108624275224e-24
EarlyStopping counter: 3 out of 999
Updating learning rate to 2.7105054312137612e-24
EarlyStopping counter: 4 out of 999
Updating learning rate to 1.3552527156068806e-24
EarlyStopping counter: 5 out of 999
Updating learning rate to 6.776263578034403e-25
EarlyStopping counter: 6 out of 999
Updating learning rate to 3.3881317890172015e-25
EarlyStopping counter: 7 out of 999
Updating learning rate to 1.6940658945086008e-25
EarlyStopping counter: 8 out of 999
Updating learning rate to 8.470329472543004e-26
EarlyStopping counter: 9 out of 999
Updating learning rate to 4.235164736271502e-26
EarlyStopping counter: 10 out of 999
Updating learning rate to 2.117582368135751e-26
EarlyStopping counter: 11 out of 999
Updating learning rate to 1.0587911840678755e-26
EarlyStopping counter: 12 out of 999
Updating learning rate to 5.2939559203393774e-27
EarlyStopping counter: 13 out of 999
Updating learning rate to 2.6469779601696887e-27
EarlyStopping counter: 14 out of 999
Updating learning rate to 1.3234889800848443e-27
EarlyStopping counter: 15 out of 999
Updating learning rate to 6.617444900424222e-28
EarlyStopping counter: 16 out of 999
Updating learning rate to 3.308722450212111e-28
EarlyStopping counter: 17 out of 999
Updating learning rate to 1.6543612251060554e-28
EarlyStopping counter: 18 out of 999
Updating learning rate to 8.271806125530277e-29
EarlyStopping counter: 19 out of 999
Updating learning rate to 4.1359030627651386e-29
EarlyStopping counter: 20 out of 999
Updating learning rate to 2.0679515313825693e-29
EarlyStopping counter: 21 out of 999
Updating learning rate to 1.0339757656912846e-29
EarlyStopping counter: 22 out of 999
Updating learning rate to 5.169878828456423e-30
EarlyStopping counter: 23 out of 999
Updating learning rate to 2.5849394142282116e-30
EarlyStopping counter: 24 out of 999
Updating learning rate to 1.2924697071141058e-30
EarlyStopping counter: 25 out of 999
Updating learning rate to 6.462348535570529e-31
EarlyStopping counter: 26 out of 999
Updating learning rate to 3.2311742677852645e-31
EarlyStopping counter: 27 out of 999
Updating learning rate to 1.6155871338926323e-31
EarlyStopping counter: 28 out of 999
Updating learning rate to 8.077935669463161e-32
EarlyStopping counter: 29 out of 999
Updating learning rate to 4.0389678347315806e-32
EarlyStopping counter: 30 out of 999
Updating learning rate to 2.0194839173657903e-32
EarlyStopping counter: 31 out of 999
Updating learning rate to 1.0097419586828952e-32
EarlyStopping counter: 32 out of 999
Updating learning rate to 5.048709793414476e-33
EarlyStopping counter: 33 out of 999
Updating learning rate to 2.524354896707238e-33
EarlyStopping counter: 34 out of 999
Updating learning rate to 1.262177448353619e-33
EarlyStopping counter: 35 out of 999
Updating learning rate to 6.310887241768095e-34
EarlyStopping counter: 36 out of 999
Updating learning rate to 3.1554436208840474e-34
EarlyStopping counter: 37 out of 999
Updating learning rate to 1.5777218104420237e-34
EarlyStopping counter: 38 out of 999
Updating learning rate to 7.888609052210118e-35
EarlyStopping counter: 39 out of 999
Updating learning rate to 3.944304526105059e-35
EarlyStopping counter: 40 out of 999
Updating learning rate to 1.9721522630525296e-35
EarlyStopping counter: 41 out of 999
Updating learning rate to 9.860761315262648e-36
EarlyStopping counter: 42 out of 999
Updating learning rate to 4.930380657631324e-36
EarlyStopping counter: 43 out of 999
Updating learning rate to 2.465190328815662e-36
EarlyStopping counter: 44 out of 999
Updating learning rate to 1.232595164407831e-36
EarlyStopping counter: 45 out of 999
Updating learning rate to 6.162975822039155e-37
EarlyStopping counter: 46 out of 999
Updating learning rate to 3.0814879110195775e-37
EarlyStopping counter: 47 out of 999
Updating learning rate to 1.5407439555097888e-37
EarlyStopping counter: 48 out of 999
Updating learning rate to 7.703719777548944e-38
EarlyStopping counter: 49 out of 999
Updating learning rate to 3.851859888774472e-38
EarlyStopping counter: 50 out of 999
Updating learning rate to 1.925929944387236e-38
EarlyStopping counter: 51 out of 999
Updating learning rate to 9.62964972193618e-39
EarlyStopping counter: 52 out of 999
Updating learning rate to 4.81482486096809e-39
EarlyStopping counter: 53 out of 999
Updating learning rate to 2.407412430484045e-39
EarlyStopping counter: 54 out of 999
Updating learning rate to 1.2037062152420225e-39
EarlyStopping counter: 55 out of 999
Updating learning rate to 6.018531076210112e-40
EarlyStopping counter: 56 out of 999
Updating learning rate to 3.009265538105056e-40
EarlyStopping counter: 57 out of 999
Updating learning rate to 1.504632769052528e-40
EarlyStopping counter: 58 out of 999
Updating learning rate to 7.52316384526264e-41
EarlyStopping counter: 59 out of 999
Updating learning rate to 3.76158192263132e-41
EarlyStopping counter: 60 out of 999
Updating learning rate to 1.88079096131566e-41
EarlyStopping counter: 61 out of 999
Updating learning rate to 9.4039548065783e-42
EarlyStopping counter: 62 out of 999
Updating learning rate to 4.70197740328915e-42
EarlyStopping counter: 63 out of 999
Updating learning rate to 2.350988701644575e-42
EarlyStopping counter: 64 out of 999
Updating learning rate to 1.1754943508222876e-42
EarlyStopping counter: 65 out of 999
Updating learning rate to 5.877471754111438e-43
EarlyStopping counter: 66 out of 999
Updating learning rate to 2.938735877055719e-43
EarlyStopping counter: 67 out of 999
Updating learning rate to 1.4693679385278595e-43
EarlyStopping counter: 68 out of 999
Updating learning rate to 7.346839692639297e-44
EarlyStopping counter: 69 out of 999
Updating learning rate to 3.6734198463196486e-44
EarlyStopping counter: 70 out of 999
Updating learning rate to 1.8367099231598243e-44
EarlyStopping counter: 71 out of 999
Updating learning rate to 9.183549615799122e-45
EarlyStopping counter: 72 out of 999
Updating learning rate to 4.591774807899561e-45
EarlyStopping counter: 73 out of 999
Updating learning rate to 2.2958874039497804e-45
EarlyStopping counter: 74 out of 999
Updating learning rate to 1.1479437019748902e-45
EarlyStopping counter: 75 out of 999
Updating learning rate to 5.739718509874451e-46
EarlyStopping counter: 76 out of 999
Updating learning rate to 2.8698592549372255e-46
EarlyStopping counter: 77 out of 999
Updating learning rate to 1.4349296274686127e-46
EarlyStopping counter: 78 out of 999
Updating learning rate to 7.174648137343064e-47
EarlyStopping counter: 79 out of 999
Updating learning rate to 3.587324068671532e-47
EarlyStopping counter: 80 out of 999
Updating learning rate to 1.793662034335766e-47
EarlyStopping counter: 81 out of 999
Updating learning rate to 8.96831017167883e-48
EarlyStopping counter: 82 out of 999
Updating learning rate to 4.484155085839415e-48
EarlyStopping counter: 83 out of 999
Updating learning rate to 2.2420775429197074e-48
EarlyStopping counter: 84 out of 999
Updating learning rate to 1.1210387714598537e-48
EarlyStopping counter: 85 out of 999
Updating learning rate to 5.6051938572992686e-49
EarlyStopping counter: 86 out of 999
Updating learning rate to 2.8025969286496343e-49
EarlyStopping counter: 87 out of 999
Updating learning rate to 1.4012984643248171e-49
>>>>>>>testing : long_term_forecast_Exchange_1_Mamba_custom_ftM_sl96_ll48_pl1_dm256_nh8_el2_dl1_df16_expand2_dc4_fc1_ebtimeF_dtTrue_Exp_0<<<<<<<<<<<<<<<<<<<<<<<<<<<<<<<<<
test 261
test shape: (261, 1, 5) (261, 1, 5)
test shape: (261, 1, 5) (261, 1, 5)
Traceback (most recent call last):
  File "run_wandb.py", line 216, in <module>
    exp.test(setting)
  File "/home-mscluster/bkodze/Time-Series-Library/exp/exp_long_term_forecasting.py", line 302, in test
    self.wandb_logger.log_predictions_table(trues, preds, split=split_name, max_rows=100)
AttributeError: 'WandbLogger' object has no attribute 'log_predictions_table'
wandb: - 0.255 MB of 0.255 MB uploadedwandb: \ 0.255 MB of 0.255 MB uploadedwandb: | 0.255 MB of 0.255 MB uploadedwandb: / 0.255 MB of 0.255 MB uploadedwandb: - 0.255 MB of 0.255 MB uploadedwandb: \ 0.297 MB of 0.373 MB uploadedwandb: | 0.373 MB of 0.373 MB uploadedwandb: / 0.373 MB of 0.373 MB uploadedwandb: 
wandb: Run history:
wandb:                      epoch ▁▁▁▁▂▂▂▂▂▃▃▃▃▃▃▄▄▄▄▄▅▅▅▅▅▅▆▆▆▆▆▇▇▇▇▇▇███
wandb: model/non_trainable_params ▁
wandb:         model/total_params ▁
wandb:     model/trainable_params ▁
wandb:                  test/loss █▁▂▂▂▂▂▂▂▂▂▂▂▂▂▂▂▂▂▂▂▂▂▂▂▂▂▂▂▂▂▂▂▂▂▂▂▂▂▂
wandb:                 train/loss █▃▂▁▂▂▂▂▂▁▂▂▂▁▁▂▂▂▁▃▃▂▄▁▂▂▁▂▃▂▂▂▂▂▃▂▁▃▂▃
wandb:                   val/loss ▂▂▁▁▁▁▂▂▃▁▁▂▂▂▃▃▅▃▁▅▅▂▇▃▂▂█▄▂▂▁▇▁▁▅▂▅▂▄▂
wandb:                    val/mae ▁
wandb:                   val/mape ▁
wandb:                    val/mse ▁
wandb:                   val/rmse ▁
wandb: 
wandb: Run summary:
wandb:                      epoch 149
wandb:         model/architecture Model(
wandb:   (embedding)...
wandb: model/non_trainable_params 0
wandb:         model/total_params 443904
wandb:     model/trainable_params 443904
wandb:                  test/loss 0.04799
wandb:                 train/loss 0.04738
wandb:                   val/loss 0.02375
wandb:                    val/mae 0.07344
wandb:                   val/mape 0.85715
wandb:                    val/mse 0.05049
wandb:                   val/rmse 0.22471
wandb: 
wandb: 🚀 View run Mamba_custom_sl96_pl1 at: https://wandb.ai/blessingeleer-programming-university-of-the-witwatersrand/financial-forecasting2/runs/xhhtdkaj
wandb: ⭐️ View project at: https://wandb.ai/blessingeleer-programming-university-of-the-witwatersrand/financial-forecasting2
wandb: Synced 6 W&B file(s), 4 media file(s), 2 artifact file(s) and 0 other file(s)
wandb: Find logs at: ./wandb/run-20251027_000529-xhhtdkaj/logs
Using GPU
Args in experiment:
[1mBasic Config[0m
  Task Name:          long_term_forecast  Is Training:        1                   
  Model ID:           Exchange_7          Model:              Mamba               

[1mData Loader[0m
  Data:               custom              Root Path:          ./dataset/exchange_rate/
  Data Path:          exchange_rate.csv   Features:           M                   
  Target:             OT                  Freq:               h                   
  Checkpoints:        ./checkpoints/      

[1mForecasting Task[0m
  Seq Len:            96                  Label Len:          48                  
  Pred Len:           7                   Seasonal Patterns:  Monthly             
  Inverse:            0                   

[1mModel Parameters[0m
  Top k:              5                   Num Kernels:        6                   
  Enc In:             5                   Dec In:             5                   
  C Out:              5                   d model:            256                 
  n heads:            8                   e layers:           2                   
  d layers:           1                   d FF:               16                  
  Moving Avg:         25                  Factor:             1                   
  Distil:             1                   Dropout:            0.1                 
  Embed:              timeF               Activation:         gelu                

[1mRun Parameters[0m
  Num Workers:        10                  Itr:                1                   
  Train Epochs:       150                 Batch Size:         32                  
  Patience:           999                 Learning Rate:      0.0001              
  Des:                Exp                 Loss:               MSE                 
  Lradj:              type1               Use Amp:            0                   

[1mGPU[0m
  Use GPU:            1                   GPU:                0                   
  Use Multi GPU:      0                   Devices:            0,1,2,3             

[1mDe-stationary Projector Params[0m
  P Hidden Dims:      128, 128            P Hidden Layers:    2                   

Please make sure you have successfully installed mamba_ssm
Use GPU: cuda:0
wandb: Currently logged in as: blessingeleer-programming (blessingeleer-programming-university-of-the-witwatersrand). Use `wandb login --relogin` to force relogin
wandb: wandb version 0.22.2 is available!  To upgrade, please run:
wandb:  $ pip install wandb --upgrade
wandb: Tracking run with wandb version 0.16.6
wandb: Run data is saved locally in /home-mscluster/bkodze/Time-Series-Library/wandb/run-20251027_001114-sgz8ok2z
wandb: Run `wandb offline` to turn off syncing.
wandb: Syncing run Mamba_custom_sl96_pl7
wandb: ⭐️ View project at https://wandb.ai/blessingeleer-programming-university-of-the-witwatersrand/financial-forecasting2
wandb: 🚀 View run at https://wandb.ai/blessingeleer-programming-university-of-the-witwatersrand/financial-forecasting2/runs/sgz8ok2z
✅ W&B initialized: Mamba_custom_sl96_pl7
   Dashboard: https://wandb.ai/blessingeleer-programming-university-of-the-witwatersrand/financial-forecasting2/runs/sgz8ok2z
>>>>>>>start training : long_term_forecast_Exchange_7_Mamba_custom_ftM_sl96_ll48_pl7_dm256_nh8_el2_dl1_df16_expand2_dc4_fc1_ebtimeF_dtTrue_Exp_0>>>>>>>>>>>>>>>>>>>>>>>>>>
============================================================
DATASET SPLIT INFO (90/5/5):
============================================================
Total samples: 5193
Train: 4673 samples (90%) - rows 0 to 4672
Val: 259 samples (5%) - rows 4673 to 4931
Test: 261 samples (5%) - rows 4932 to 5192
Sequence length: 96, Prediction length: 7
============================================================
train 4571
val 253
test 255
Validation loss decreased (inf --> 0.037579).  Saving model ...
Updating learning rate to 0.0001
Validation loss decreased (0.037579 --> 0.037347).  Saving model ...
Updating learning rate to 5e-05
EarlyStopping counter: 1 out of 999
Updating learning rate to 2.5e-05
EarlyStopping counter: 2 out of 999
Updating learning rate to 1.25e-05
EarlyStopping counter: 3 out of 999
Updating learning rate to 6.25e-06
EarlyStopping counter: 4 out of 999
Updating learning rate to 3.125e-06
wandb: WARNING Step only supports monotonically increasing values, use define_metric to set a custom x axis. For details see: https://wandb.me/define-metric
wandb: WARNING (User provided step: 0 is less than current step: 2. Dropping entry: {'epoch': 0, 'train/loss': 0.07030550025768213, 'val/loss': 0.03757931059226394, 'test/loss': 0.06698606116697192, '_timestamp': 1761516684.2898993}).
wandb: WARNING (User provided step: 1 is less than current step: 2. Dropping entry: {'epoch': 1, 'train/loss': 0.0643954033201391, 'val/loss': 0.03734704782254994, 'test/loss': 0.06749964412301779, '_timestamp': 1761516686.464967}).
EarlyStopping counter: 5 out of 999
Updating learning rate to 1.5625e-06
EarlyStopping counter: 6 out of 999
Updating learning rate to 7.8125e-07
EarlyStopping counter: 7 out of 999
Updating learning rate to 3.90625e-07
EarlyStopping counter: 8 out of 999
Updating learning rate to 1.953125e-07
EarlyStopping counter: 9 out of 999
Updating learning rate to 9.765625e-08
EarlyStopping counter: 10 out of 999
Updating learning rate to 4.8828125e-08
EarlyStopping counter: 11 out of 999
Updating learning rate to 2.44140625e-08
EarlyStopping counter: 12 out of 999
Updating learning rate to 1.220703125e-08
EarlyStopping counter: 13 out of 999
Updating learning rate to 6.103515625e-09
EarlyStopping counter: 14 out of 999
Updating learning rate to 3.0517578125e-09
EarlyStopping counter: 15 out of 999
Updating learning rate to 1.52587890625e-09
EarlyStopping counter: 16 out of 999
Updating learning rate to 7.62939453125e-10
EarlyStopping counter: 17 out of 999
Updating learning rate to 3.814697265625e-10
EarlyStopping counter: 18 out of 999
Updating learning rate to 1.9073486328125e-10
EarlyStopping counter: 19 out of 999
Updating learning rate to 9.5367431640625e-11
EarlyStopping counter: 20 out of 999
Updating learning rate to 4.76837158203125e-11
EarlyStopping counter: 21 out of 999
Updating learning rate to 2.384185791015625e-11
EarlyStopping counter: 22 out of 999
Updating learning rate to 1.1920928955078126e-11
EarlyStopping counter: 23 out of 999
Updating learning rate to 5.960464477539063e-12
EarlyStopping counter: 24 out of 999
Updating learning rate to 2.9802322387695314e-12
EarlyStopping counter: 25 out of 999
Updating learning rate to 1.4901161193847657e-12
EarlyStopping counter: 26 out of 999
Updating learning rate to 7.450580596923828e-13
EarlyStopping counter: 27 out of 999
Updating learning rate to 3.725290298461914e-13
EarlyStopping counter: 28 out of 999
Updating learning rate to 1.862645149230957e-13
EarlyStopping counter: 29 out of 999
Updating learning rate to 9.313225746154786e-14
EarlyStopping counter: 30 out of 999
Updating learning rate to 4.656612873077393e-14
EarlyStopping counter: 31 out of 999
Updating learning rate to 2.3283064365386964e-14
EarlyStopping counter: 32 out of 999
Updating learning rate to 1.1641532182693482e-14
EarlyStopping counter: 33 out of 999
Updating learning rate to 5.820766091346741e-15
EarlyStopping counter: 34 out of 999
Updating learning rate to 2.9103830456733705e-15
EarlyStopping counter: 35 out of 999
Updating learning rate to 1.4551915228366853e-15
EarlyStopping counter: 36 out of 999
Updating learning rate to 7.275957614183426e-16
EarlyStopping counter: 37 out of 999
Updating learning rate to 3.637978807091713e-16
EarlyStopping counter: 38 out of 999
Updating learning rate to 1.8189894035458566e-16
EarlyStopping counter: 39 out of 999
Updating learning rate to 9.094947017729283e-17
EarlyStopping counter: 40 out of 999
Updating learning rate to 4.5474735088646414e-17
EarlyStopping counter: 41 out of 999
Updating learning rate to 2.2737367544323207e-17
EarlyStopping counter: 42 out of 999
Updating learning rate to 1.1368683772161604e-17
EarlyStopping counter: 43 out of 999
Updating learning rate to 5.684341886080802e-18
EarlyStopping counter: 44 out of 999
Updating learning rate to 2.842170943040401e-18
EarlyStopping counter: 45 out of 999
Updating learning rate to 1.4210854715202004e-18
EarlyStopping counter: 46 out of 999
Updating learning rate to 7.105427357601002e-19
EarlyStopping counter: 47 out of 999
Updating learning rate to 3.552713678800501e-19
EarlyStopping counter: 48 out of 999
Updating learning rate to 1.7763568394002505e-19
EarlyStopping counter: 49 out of 999
Updating learning rate to 8.881784197001253e-20
EarlyStopping counter: 50 out of 999
Updating learning rate to 4.4408920985006264e-20
EarlyStopping counter: 51 out of 999
Updating learning rate to 2.2204460492503132e-20
EarlyStopping counter: 52 out of 999
Updating learning rate to 1.1102230246251566e-20
EarlyStopping counter: 53 out of 999
Updating learning rate to 5.551115123125783e-21
EarlyStopping counter: 54 out of 999
Updating learning rate to 2.7755575615628915e-21
EarlyStopping counter: 55 out of 999
Updating learning rate to 1.3877787807814457e-21
EarlyStopping counter: 56 out of 999
Updating learning rate to 6.938893903907229e-22
EarlyStopping counter: 57 out of 999
Updating learning rate to 3.4694469519536144e-22
EarlyStopping counter: 58 out of 999
Updating learning rate to 1.7347234759768072e-22
EarlyStopping counter: 59 out of 999
Updating learning rate to 8.673617379884036e-23
EarlyStopping counter: 60 out of 999
Updating learning rate to 4.336808689942018e-23
EarlyStopping counter: 61 out of 999
Updating learning rate to 2.168404344971009e-23
EarlyStopping counter: 62 out of 999
Updating learning rate to 1.0842021724855045e-23
EarlyStopping counter: 63 out of 999
Updating learning rate to 5.4210108624275224e-24
EarlyStopping counter: 64 out of 999
Updating learning rate to 2.7105054312137612e-24
EarlyStopping counter: 65 out of 999
Updating learning rate to 1.3552527156068806e-24
EarlyStopping counter: 66 out of 999
Updating learning rate to 6.776263578034403e-25
EarlyStopping counter: 67 out of 999
Updating learning rate to 3.3881317890172015e-25
EarlyStopping counter: 68 out of 999
Updating learning rate to 1.6940658945086008e-25
EarlyStopping counter: 69 out of 999
Updating learning rate to 8.470329472543004e-26
EarlyStopping counter: 70 out of 999
Updating learning rate to 4.235164736271502e-26
EarlyStopping counter: 71 out of 999
Updating learning rate to 2.117582368135751e-26
EarlyStopping counter: 72 out of 999
Updating learning rate to 1.0587911840678755e-26
EarlyStopping counter: 73 out of 999
Updating learning rate to 5.2939559203393774e-27
EarlyStopping counter: 74 out of 999
Updating learning rate to 2.6469779601696887e-27
EarlyStopping counter: 75 out of 999
Updating learning rate to 1.3234889800848443e-27
EarlyStopping counter: 76 out of 999
Updating learning rate to 6.617444900424222e-28
EarlyStopping counter: 77 out of 999
Updating learning rate to 3.308722450212111e-28
EarlyStopping counter: 78 out of 999
Updating learning rate to 1.6543612251060554e-28
EarlyStopping counter: 79 out of 999
Updating learning rate to 8.271806125530277e-29
EarlyStopping counter: 80 out of 999
Updating learning rate to 4.1359030627651386e-29
EarlyStopping counter: 81 out of 999
Updating learning rate to 2.0679515313825693e-29
EarlyStopping counter: 82 out of 999
Updating learning rate to 1.0339757656912846e-29
EarlyStopping counter: 83 out of 999
Updating learning rate to 5.169878828456423e-30
EarlyStopping counter: 84 out of 999
Updating learning rate to 2.5849394142282116e-30
EarlyStopping counter: 85 out of 999
Updating learning rate to 1.2924697071141058e-30
EarlyStopping counter: 86 out of 999
Updating learning rate to 6.462348535570529e-31
EarlyStopping counter: 87 out of 999
Updating learning rate to 3.2311742677852645e-31
EarlyStopping counter: 88 out of 999
Updating learning rate to 1.6155871338926323e-31
EarlyStopping counter: 89 out of 999
Updating learning rate to 8.077935669463161e-32
EarlyStopping counter: 90 out of 999
Updating learning rate to 4.0389678347315806e-32
EarlyStopping counter: 91 out of 999
Updating learning rate to 2.0194839173657903e-32
EarlyStopping counter: 92 out of 999
Updating learning rate to 1.0097419586828952e-32
EarlyStopping counter: 93 out of 999
Updating learning rate to 5.048709793414476e-33
EarlyStopping counter: 94 out of 999
Updating learning rate to 2.524354896707238e-33
EarlyStopping counter: 95 out of 999
Updating learning rate to 1.262177448353619e-33
EarlyStopping counter: 96 out of 999
Updating learning rate to 6.310887241768095e-34
EarlyStopping counter: 97 out of 999
Updating learning rate to 3.1554436208840474e-34
EarlyStopping counter: 98 out of 999
Updating learning rate to 1.5777218104420237e-34
EarlyStopping counter: 99 out of 999
Updating learning rate to 7.888609052210118e-35
EarlyStopping counter: 100 out of 999
Updating learning rate to 3.944304526105059e-35
EarlyStopping counter: 101 out of 999
Updating learning rate to 1.9721522630525296e-35
EarlyStopping counter: 102 out of 999
Updating learning rate to 9.860761315262648e-36
EarlyStopping counter: 103 out of 999
Updating learning rate to 4.930380657631324e-36
EarlyStopping counter: 104 out of 999
Updating learning rate to 2.465190328815662e-36
EarlyStopping counter: 105 out of 999
Updating learning rate to 1.232595164407831e-36
EarlyStopping counter: 106 out of 999
Updating learning rate to 6.162975822039155e-37
EarlyStopping counter: 107 out of 999
Updating learning rate to 3.0814879110195775e-37
EarlyStopping counter: 108 out of 999
Updating learning rate to 1.5407439555097888e-37
EarlyStopping counter: 109 out of 999
Updating learning rate to 7.703719777548944e-38
EarlyStopping counter: 110 out of 999
Updating learning rate to 3.851859888774472e-38
EarlyStopping counter: 111 out of 999
Updating learning rate to 1.925929944387236e-38
EarlyStopping counter: 112 out of 999
Updating learning rate to 9.62964972193618e-39
EarlyStopping counter: 113 out of 999
Updating learning rate to 4.81482486096809e-39
EarlyStopping counter: 114 out of 999
Updating learning rate to 2.407412430484045e-39
EarlyStopping counter: 115 out of 999
Updating learning rate to 1.2037062152420225e-39
EarlyStopping counter: 116 out of 999
Updating learning rate to 6.018531076210112e-40
EarlyStopping counter: 117 out of 999
Updating learning rate to 3.009265538105056e-40
EarlyStopping counter: 118 out of 999
Updating learning rate to 1.504632769052528e-40
EarlyStopping counter: 119 out of 999
Updating learning rate to 7.52316384526264e-41
EarlyStopping counter: 120 out of 999
Updating learning rate to 3.76158192263132e-41
EarlyStopping counter: 121 out of 999
Updating learning rate to 1.88079096131566e-41
EarlyStopping counter: 122 out of 999
Updating learning rate to 9.4039548065783e-42
EarlyStopping counter: 123 out of 999
Updating learning rate to 4.70197740328915e-42
EarlyStopping counter: 124 out of 999
Updating learning rate to 2.350988701644575e-42
EarlyStopping counter: 125 out of 999
Updating learning rate to 1.1754943508222876e-42
EarlyStopping counter: 126 out of 999
Updating learning rate to 5.877471754111438e-43
EarlyStopping counter: 127 out of 999
Updating learning rate to 2.938735877055719e-43
EarlyStopping counter: 128 out of 999
Updating learning rate to 1.4693679385278595e-43
EarlyStopping counter: 129 out of 999
Updating learning rate to 7.346839692639297e-44
EarlyStopping counter: 130 out of 999
Updating learning rate to 3.6734198463196486e-44
EarlyStopping counter: 131 out of 999
Updating learning rate to 1.8367099231598243e-44
EarlyStopping counter: 132 out of 999
Updating learning rate to 9.183549615799122e-45
EarlyStopping counter: 133 out of 999
Updating learning rate to 4.591774807899561e-45
EarlyStopping counter: 134 out of 999
Updating learning rate to 2.2958874039497804e-45
EarlyStopping counter: 135 out of 999
Updating learning rate to 1.1479437019748902e-45
EarlyStopping counter: 136 out of 999
Updating learning rate to 5.739718509874451e-46
EarlyStopping counter: 137 out of 999
Updating learning rate to 2.8698592549372255e-46
EarlyStopping counter: 138 out of 999
Updating learning rate to 1.4349296274686127e-46
EarlyStopping counter: 139 out of 999
Updating learning rate to 7.174648137343064e-47
EarlyStopping counter: 140 out of 999
Updating learning rate to 3.587324068671532e-47
EarlyStopping counter: 141 out of 999
Updating learning rate to 1.793662034335766e-47
EarlyStopping counter: 142 out of 999
Updating learning rate to 8.96831017167883e-48
EarlyStopping counter: 143 out of 999
Updating learning rate to 4.484155085839415e-48
EarlyStopping counter: 144 out of 999
Updating learning rate to 2.2420775429197074e-48
EarlyStopping counter: 145 out of 999
Updating learning rate to 1.1210387714598537e-48
EarlyStopping counter: 146 out of 999
Updating learning rate to 5.6051938572992686e-49
EarlyStopping counter: 147 out of 999
Updating learning rate to 2.8025969286496343e-49
EarlyStopping counter: 148 out of 999
Updating learning rate to 1.4012984643248171e-49
>>>>>>>testing : long_term_forecast_Exchange_7_Mamba_custom_ftM_sl96_ll48_pl7_dm256_nh8_el2_dl1_df16_expand2_dc4_fc1_ebtimeF_dtTrue_Exp_0<<<<<<<<<<<<<<<<<<<<<<<<<<<<<<<<<
test 255
test shape: (255, 7, 5) (255, 7, 5)
test shape: (255, 7, 5) (255, 7, 5)
Traceback (most recent call last):
  File "run_wandb.py", line 216, in <module>
    exp.test(setting)
  File "/home-mscluster/bkodze/Time-Series-Library/exp/exp_long_term_forecasting.py", line 302, in test
    self.wandb_logger.log_predictions_table(trues, preds, split=split_name, max_rows=100)
AttributeError: 'WandbLogger' object has no attribute 'log_predictions_table'
wandb: - 0.306 MB of 0.306 MB uploadedwandb: \ 0.306 MB of 0.306 MB uploadedwandb: | 0.306 MB of 0.383 MB uploadedwandb: / 0.368 MB of 0.383 MB uploadedwandb: - 0.383 MB of 0.383 MB uploadedwandb: 
wandb: Run history:
wandb:                      epoch ▁▁▁▁▂▂▂▂▂▃▃▃▃▃▃▄▄▄▄▄▅▅▅▅▅▅▆▆▆▆▆▇▇▇▇▇▇███
wandb: model/non_trainable_params ▁
wandb:         model/total_params ▁
wandb:     model/trainable_params ▁
wandb:                  test/loss █▁▂▂▂▂▂▂▂▂▂▂▂▂▂▂▂▂▂▂▂▂▂▂▂▂▂▂▂▂▂▂▂▂▂▂▂▂▂▂
wandb:                 train/loss █▃▁▃▃▂▂▂▃▃▃▃▁▂▃▃▂▁▂▃▂▂▃▂▂▂▁▂▃▂▁▂▂▂▁▂▂▂▃▂
wandb:                   val/loss █▁▂▂▂▃▃▃▂▂▃▃▃▃▂▂▂▃▃▂▃▃▂▃▃▂▃▃▃▃▂▃▃▃▂▃▂▃▂▃
wandb:                    val/mae ▁
wandb:                   val/mape ▁
wandb:                    val/mse ▁
wandb:                   val/rmse ▁
wandb: 
wandb: Run summary:
wandb:                      epoch 149
wandb:         model/architecture Model(
wandb:   (embedding)...
wandb: model/non_trainable_params 0
wandb:         model/total_params 443904
wandb:     model/trainable_params 443904
wandb:                  test/loss 0.06889
wandb:                 train/loss 0.05955
wandb:                   val/loss 0.03885
wandb:                    val/mae 0.09981
wandb:                   val/mape 1.14654
wandb:                    val/mse 0.06761
wandb:                   val/rmse 0.26002
wandb: 
wandb: 🚀 View run Mamba_custom_sl96_pl7 at: https://wandb.ai/blessingeleer-programming-university-of-the-witwatersrand/financial-forecasting2/runs/sgz8ok2z
wandb: ⭐️ View project at: https://wandb.ai/blessingeleer-programming-university-of-the-witwatersrand/financial-forecasting2
wandb: Synced 6 W&B file(s), 4 media file(s), 0 artifact file(s) and 0 other file(s)
wandb: Find logs at: ./wandb/run-20251027_001114-sgz8ok2z/logs
Using GPU
Args in experiment:
[1mBasic Config[0m
  Task Name:          long_term_forecast  Is Training:        1                   
  Model ID:           Exchange_14         Model:              Mamba               

[1mData Loader[0m
  Data:               custom              Root Path:          ./dataset/exchange_rate/
  Data Path:          exchange_rate.csv   Features:           M                   
  Target:             OT                  Freq:               h                   
  Checkpoints:        ./checkpoints/      

[1mForecasting Task[0m
  Seq Len:            96                  Label Len:          48                  
  Pred Len:           14                  Seasonal Patterns:  Monthly             
  Inverse:            0                   

[1mModel Parameters[0m
  Top k:              5                   Num Kernels:        6                   
  Enc In:             5                   Dec In:             5                   
  C Out:              5                   d model:            256                 
  n heads:            8                   e layers:           2                   
  d layers:           1                   d FF:               16                  
  Moving Avg:         25                  Factor:             1                   
  Distil:             1                   Dropout:            0.1                 
  Embed:              timeF               Activation:         gelu                

[1mRun Parameters[0m
  Num Workers:        10                  Itr:                1                   
  Train Epochs:       150                 Batch Size:         32                  
  Patience:           999                 Learning Rate:      0.0001              
  Des:                Exp                 Loss:               MSE                 
  Lradj:              type1               Use Amp:            0                   

[1mGPU[0m
  Use GPU:            1                   GPU:                0                   
  Use Multi GPU:      0                   Devices:            0,1,2,3             

[1mDe-stationary Projector Params[0m
  P Hidden Dims:      128, 128            P Hidden Layers:    2                   

Please make sure you have successfully installed mamba_ssm
Use GPU: cuda:0
wandb: Currently logged in as: blessingeleer-programming (blessingeleer-programming-university-of-the-witwatersrand). Use `wandb login --relogin` to force relogin
wandb: wandb version 0.22.2 is available!  To upgrade, please run:
wandb:  $ pip install wandb --upgrade
wandb: Tracking run with wandb version 0.16.6
wandb: Run data is saved locally in /home-mscluster/bkodze/Time-Series-Library/wandb/run-20251027_001653-z2774rob
wandb: Run `wandb offline` to turn off syncing.
wandb: Syncing run Mamba_custom_sl96_pl14
wandb: ⭐️ View project at https://wandb.ai/blessingeleer-programming-university-of-the-witwatersrand/financial-forecasting2
wandb: 🚀 View run at https://wandb.ai/blessingeleer-programming-university-of-the-witwatersrand/financial-forecasting2/runs/z2774rob
✅ W&B initialized: Mamba_custom_sl96_pl14
   Dashboard: https://wandb.ai/blessingeleer-programming-university-of-the-witwatersrand/financial-forecasting2/runs/z2774rob
>>>>>>>start training : long_term_forecast_Exchange_14_Mamba_custom_ftM_sl96_ll48_pl14_dm256_nh8_el2_dl1_df16_expand2_dc4_fc1_ebtimeF_dtTrue_Exp_0>>>>>>>>>>>>>>>>>>>>>>>>>>
============================================================
DATASET SPLIT INFO (90/5/5):
============================================================
Total samples: 5193
Train: 4673 samples (90%) - rows 0 to 4672
Val: 259 samples (5%) - rows 4673 to 4931
Test: 261 samples (5%) - rows 4932 to 5192
Sequence length: 96, Prediction length: 14
============================================================
train 4564
val 246
test 248
Validation loss decreased (inf --> 0.042064).  Saving model ...
Updating learning rate to 0.0001
Validation loss decreased (0.042064 --> 0.040567).  Saving model ...
Updating learning rate to 5e-05
Validation loss decreased (0.040567 --> 0.040139).  Saving model ...
Updating learning rate to 2.5e-05
EarlyStopping counter: 1 out of 999
Updating learning rate to 1.25e-05
EarlyStopping counter: 2 out of 999
Updating learning rate to 6.25e-06
EarlyStopping counter: 3 out of 999
Updating learning rate to 3.125e-06
wandb: WARNING Step only supports monotonically increasing values, use define_metric to set a custom x axis. For details see: https://wandb.me/define-metric
wandb: WARNING (User provided step: 0 is less than current step: 2. Dropping entry: {'epoch': 0, 'train/loss': 0.07085868849099933, 'val/loss': 0.04206418991088867, 'test/loss': 0.07338378066197038, '_timestamp': 1761517024.0468125}).
wandb: WARNING (User provided step: 1 is less than current step: 2. Dropping entry: {'epoch': 1, 'train/loss': 0.06375456538858947, 'val/loss': 0.04056667722761631, 'test/loss': 0.07306427555158734, '_timestamp': 1761517026.1353116}).
EarlyStopping counter: 4 out of 999
Updating learning rate to 1.5625e-06
EarlyStopping counter: 5 out of 999
Updating learning rate to 7.8125e-07
EarlyStopping counter: 6 out of 999
Updating learning rate to 3.90625e-07
EarlyStopping counter: 7 out of 999
Updating learning rate to 1.953125e-07
EarlyStopping counter: 8 out of 999
Updating learning rate to 9.765625e-08
EarlyStopping counter: 9 out of 999
Updating learning rate to 4.8828125e-08
EarlyStopping counter: 10 out of 999
Updating learning rate to 2.44140625e-08
EarlyStopping counter: 11 out of 999
Updating learning rate to 1.220703125e-08
EarlyStopping counter: 12 out of 999
Updating learning rate to 6.103515625e-09
EarlyStopping counter: 13 out of 999
Updating learning rate to 3.0517578125e-09
EarlyStopping counter: 14 out of 999
Updating learning rate to 1.52587890625e-09
EarlyStopping counter: 15 out of 999
Updating learning rate to 7.62939453125e-10
EarlyStopping counter: 16 out of 999
Updating learning rate to 3.814697265625e-10
EarlyStopping counter: 17 out of 999
Updating learning rate to 1.9073486328125e-10
EarlyStopping counter: 18 out of 999
Updating learning rate to 9.5367431640625e-11
EarlyStopping counter: 19 out of 999
Updating learning rate to 4.76837158203125e-11
EarlyStopping counter: 20 out of 999
Updating learning rate to 2.384185791015625e-11
EarlyStopping counter: 21 out of 999
Updating learning rate to 1.1920928955078126e-11
EarlyStopping counter: 22 out of 999
Updating learning rate to 5.960464477539063e-12
EarlyStopping counter: 23 out of 999
Updating learning rate to 2.9802322387695314e-12
EarlyStopping counter: 24 out of 999
Updating learning rate to 1.4901161193847657e-12
EarlyStopping counter: 25 out of 999
Updating learning rate to 7.450580596923828e-13
EarlyStopping counter: 26 out of 999
Updating learning rate to 3.725290298461914e-13
EarlyStopping counter: 27 out of 999
Updating learning rate to 1.862645149230957e-13
EarlyStopping counter: 28 out of 999
Updating learning rate to 9.313225746154786e-14
EarlyStopping counter: 29 out of 999
Updating learning rate to 4.656612873077393e-14
EarlyStopping counter: 30 out of 999
Updating learning rate to 2.3283064365386964e-14
EarlyStopping counter: 31 out of 999
Updating learning rate to 1.1641532182693482e-14
EarlyStopping counter: 32 out of 999
Updating learning rate to 5.820766091346741e-15
EarlyStopping counter: 33 out of 999
Updating learning rate to 2.9103830456733705e-15
EarlyStopping counter: 34 out of 999
Updating learning rate to 1.4551915228366853e-15
EarlyStopping counter: 35 out of 999
Updating learning rate to 7.275957614183426e-16
EarlyStopping counter: 36 out of 999
Updating learning rate to 3.637978807091713e-16
EarlyStopping counter: 37 out of 999
Updating learning rate to 1.8189894035458566e-16
EarlyStopping counter: 38 out of 999
Updating learning rate to 9.094947017729283e-17
EarlyStopping counter: 39 out of 999
Updating learning rate to 4.5474735088646414e-17
EarlyStopping counter: 40 out of 999
Updating learning rate to 2.2737367544323207e-17
EarlyStopping counter: 41 out of 999
Updating learning rate to 1.1368683772161604e-17
EarlyStopping counter: 42 out of 999
Updating learning rate to 5.684341886080802e-18
Validation loss decreased (0.040139 --> 0.039976).  Saving model ...
Updating learning rate to 2.842170943040401e-18
EarlyStopping counter: 1 out of 999
Updating learning rate to 1.4210854715202004e-18
EarlyStopping counter: 2 out of 999
Updating learning rate to 7.105427357601002e-19
EarlyStopping counter: 3 out of 999
Updating learning rate to 3.552713678800501e-19
EarlyStopping counter: 4 out of 999
Updating learning rate to 1.7763568394002505e-19
EarlyStopping counter: 5 out of 999
Updating learning rate to 8.881784197001253e-20
EarlyStopping counter: 6 out of 999
Updating learning rate to 4.4408920985006264e-20
EarlyStopping counter: 7 out of 999
Updating learning rate to 2.2204460492503132e-20
EarlyStopping counter: 8 out of 999
Updating learning rate to 1.1102230246251566e-20
EarlyStopping counter: 9 out of 999
Updating learning rate to 5.551115123125783e-21
EarlyStopping counter: 10 out of 999
Updating learning rate to 2.7755575615628915e-21
EarlyStopping counter: 11 out of 999
Updating learning rate to 1.3877787807814457e-21
EarlyStopping counter: 12 out of 999
Updating learning rate to 6.938893903907229e-22
EarlyStopping counter: 13 out of 999
Updating learning rate to 3.4694469519536144e-22
EarlyStopping counter: 14 out of 999
Updating learning rate to 1.7347234759768072e-22
EarlyStopping counter: 15 out of 999
Updating learning rate to 8.673617379884036e-23
EarlyStopping counter: 16 out of 999
Updating learning rate to 4.336808689942018e-23
EarlyStopping counter: 17 out of 999
Updating learning rate to 2.168404344971009e-23
EarlyStopping counter: 18 out of 999
Updating learning rate to 1.0842021724855045e-23
EarlyStopping counter: 19 out of 999
Updating learning rate to 5.4210108624275224e-24
EarlyStopping counter: 20 out of 999
Updating learning rate to 2.7105054312137612e-24
EarlyStopping counter: 21 out of 999
Updating learning rate to 1.3552527156068806e-24
EarlyStopping counter: 22 out of 999
Updating learning rate to 6.776263578034403e-25
EarlyStopping counter: 23 out of 999
Updating learning rate to 3.3881317890172015e-25
EarlyStopping counter: 24 out of 999
Updating learning rate to 1.6940658945086008e-25
EarlyStopping counter: 25 out of 999
Updating learning rate to 8.470329472543004e-26
EarlyStopping counter: 26 out of 999
Updating learning rate to 4.235164736271502e-26
EarlyStopping counter: 27 out of 999
Updating learning rate to 2.117582368135751e-26
EarlyStopping counter: 28 out of 999
Updating learning rate to 1.0587911840678755e-26
EarlyStopping counter: 29 out of 999
Updating learning rate to 5.2939559203393774e-27
EarlyStopping counter: 30 out of 999
Updating learning rate to 2.6469779601696887e-27
EarlyStopping counter: 31 out of 999
Updating learning rate to 1.3234889800848443e-27
EarlyStopping counter: 32 out of 999
Updating learning rate to 6.617444900424222e-28
EarlyStopping counter: 33 out of 999
Updating learning rate to 3.308722450212111e-28
EarlyStopping counter: 34 out of 999
Updating learning rate to 1.6543612251060554e-28
EarlyStopping counter: 35 out of 999
Updating learning rate to 8.271806125530277e-29
EarlyStopping counter: 36 out of 999
Updating learning rate to 4.1359030627651386e-29
EarlyStopping counter: 37 out of 999
Updating learning rate to 2.0679515313825693e-29
EarlyStopping counter: 38 out of 999
Updating learning rate to 1.0339757656912846e-29
EarlyStopping counter: 39 out of 999
Updating learning rate to 5.169878828456423e-30
EarlyStopping counter: 40 out of 999
Updating learning rate to 2.5849394142282116e-30
EarlyStopping counter: 41 out of 999
Updating learning rate to 1.2924697071141058e-30
EarlyStopping counter: 42 out of 999
Updating learning rate to 6.462348535570529e-31
EarlyStopping counter: 43 out of 999
Updating learning rate to 3.2311742677852645e-31
EarlyStopping counter: 44 out of 999
Updating learning rate to 1.6155871338926323e-31
EarlyStopping counter: 45 out of 999
Updating learning rate to 8.077935669463161e-32
EarlyStopping counter: 46 out of 999
Updating learning rate to 4.0389678347315806e-32
EarlyStopping counter: 47 out of 999
Updating learning rate to 2.0194839173657903e-32
EarlyStopping counter: 48 out of 999
Updating learning rate to 1.0097419586828952e-32
EarlyStopping counter: 49 out of 999
Updating learning rate to 5.048709793414476e-33
EarlyStopping counter: 50 out of 999
Updating learning rate to 2.524354896707238e-33
EarlyStopping counter: 51 out of 999
Updating learning rate to 1.262177448353619e-33
EarlyStopping counter: 52 out of 999
Updating learning rate to 6.310887241768095e-34
EarlyStopping counter: 53 out of 999
Updating learning rate to 3.1554436208840474e-34
EarlyStopping counter: 54 out of 999
Updating learning rate to 1.5777218104420237e-34
EarlyStopping counter: 55 out of 999
Updating learning rate to 7.888609052210118e-35
EarlyStopping counter: 56 out of 999
Updating learning rate to 3.944304526105059e-35
EarlyStopping counter: 57 out of 999
Updating learning rate to 1.9721522630525296e-35
EarlyStopping counter: 58 out of 999
Updating learning rate to 9.860761315262648e-36
EarlyStopping counter: 59 out of 999
Updating learning rate to 4.930380657631324e-36
EarlyStopping counter: 60 out of 999
Updating learning rate to 2.465190328815662e-36
EarlyStopping counter: 61 out of 999
Updating learning rate to 1.232595164407831e-36
EarlyStopping counter: 62 out of 999
Updating learning rate to 6.162975822039155e-37
EarlyStopping counter: 63 out of 999
Updating learning rate to 3.0814879110195775e-37
EarlyStopping counter: 64 out of 999
Updating learning rate to 1.5407439555097888e-37
EarlyStopping counter: 65 out of 999
Updating learning rate to 7.703719777548944e-38
EarlyStopping counter: 66 out of 999
Updating learning rate to 3.851859888774472e-38
EarlyStopping counter: 67 out of 999
Updating learning rate to 1.925929944387236e-38
EarlyStopping counter: 68 out of 999
Updating learning rate to 9.62964972193618e-39
EarlyStopping counter: 69 out of 999
Updating learning rate to 4.81482486096809e-39
EarlyStopping counter: 70 out of 999
Updating learning rate to 2.407412430484045e-39
EarlyStopping counter: 71 out of 999
Updating learning rate to 1.2037062152420225e-39
EarlyStopping counter: 72 out of 999
Updating learning rate to 6.018531076210112e-40
EarlyStopping counter: 73 out of 999
Updating learning rate to 3.009265538105056e-40
EarlyStopping counter: 74 out of 999
Updating learning rate to 1.504632769052528e-40
EarlyStopping counter: 75 out of 999
Updating learning rate to 7.52316384526264e-41
EarlyStopping counter: 76 out of 999
Updating learning rate to 3.76158192263132e-41
EarlyStopping counter: 77 out of 999
Updating learning rate to 1.88079096131566e-41
EarlyStopping counter: 78 out of 999
Updating learning rate to 9.4039548065783e-42
EarlyStopping counter: 79 out of 999
Updating learning rate to 4.70197740328915e-42
EarlyStopping counter: 80 out of 999
Updating learning rate to 2.350988701644575e-42
EarlyStopping counter: 81 out of 999
Updating learning rate to 1.1754943508222876e-42
EarlyStopping counter: 82 out of 999
Updating learning rate to 5.877471754111438e-43
EarlyStopping counter: 83 out of 999
Updating learning rate to 2.938735877055719e-43
EarlyStopping counter: 84 out of 999
Updating learning rate to 1.4693679385278595e-43
EarlyStopping counter: 85 out of 999
Updating learning rate to 7.346839692639297e-44
Validation loss decreased (0.039976 --> 0.039900).  Saving model ...
Updating learning rate to 3.6734198463196486e-44
EarlyStopping counter: 1 out of 999
Updating learning rate to 1.8367099231598243e-44
EarlyStopping counter: 2 out of 999
Updating learning rate to 9.183549615799122e-45
EarlyStopping counter: 3 out of 999
Updating learning rate to 4.591774807899561e-45
EarlyStopping counter: 4 out of 999
Updating learning rate to 2.2958874039497804e-45
EarlyStopping counter: 5 out of 999
Updating learning rate to 1.1479437019748902e-45
EarlyStopping counter: 6 out of 999
Updating learning rate to 5.739718509874451e-46
EarlyStopping counter: 7 out of 999
Updating learning rate to 2.8698592549372255e-46
EarlyStopping counter: 8 out of 999
Updating learning rate to 1.4349296274686127e-46
EarlyStopping counter: 9 out of 999
Updating learning rate to 7.174648137343064e-47
EarlyStopping counter: 10 out of 999
Updating learning rate to 3.587324068671532e-47
EarlyStopping counter: 11 out of 999
Updating learning rate to 1.793662034335766e-47
EarlyStopping counter: 12 out of 999
Updating learning rate to 8.96831017167883e-48
EarlyStopping counter: 13 out of 999
Updating learning rate to 4.484155085839415e-48
EarlyStopping counter: 14 out of 999
Updating learning rate to 2.2420775429197074e-48
EarlyStopping counter: 15 out of 999
Updating learning rate to 1.1210387714598537e-48
EarlyStopping counter: 16 out of 999
Updating learning rate to 5.6051938572992686e-49
EarlyStopping counter: 17 out of 999
Updating learning rate to 2.8025969286496343e-49
EarlyStopping counter: 18 out of 999
Updating learning rate to 1.4012984643248171e-49
>>>>>>>testing : long_term_forecast_Exchange_14_Mamba_custom_ftM_sl96_ll48_pl14_dm256_nh8_el2_dl1_df16_expand2_dc4_fc1_ebtimeF_dtTrue_Exp_0<<<<<<<<<<<<<<<<<<<<<<<<<<<<<<<<<
test 248
test shape: (248, 14, 5) (248, 14, 5)
test shape: (248, 14, 5) (248, 14, 5)
Traceback (most recent call last):
  File "run_wandb.py", line 216, in <module>
    exp.test(setting)
  File "/home-mscluster/bkodze/Time-Series-Library/exp/exp_long_term_forecasting.py", line 302, in test
    self.wandb_logger.log_predictions_table(trues, preds, split=split_name, max_rows=100)
AttributeError: 'WandbLogger' object has no attribute 'log_predictions_table'
wandb: - 0.312 MB of 0.341 MB uploadedwandb: \ 0.341 MB of 0.418 MB uploadedwandb: | 0.341 MB of 0.418 MB uploadedwandb: / 0.418 MB of 0.418 MB uploadedwandb: - 0.418 MB of 0.418 MB uploadedwandb: 
wandb: Run history:
wandb:                      epoch ▁▁▁▁▂▂▂▂▂▃▃▃▃▃▃▄▄▄▄▄▅▅▅▅▅▅▆▆▆▆▆▇▇▇▇▇▇███
wandb: model/non_trainable_params ▁
wandb:         model/total_params ▁
wandb:     model/trainable_params ▁
wandb:                  test/loss █▁▃▃▃▃▃▃▃▃▃▃▃▃▃▃▃▃▃▃▃▃▃▃▃▃▃▃▃▃▃▃▃▃▃▃▃▃▃▃
wandb:                 train/loss █▅▂▂▂▂▃▂▂▂▂▂▂▂▂▂▁▃▂▃▂▁▂▂▂▂▂▂▂▂▂▂▂▂▃▂▂▃▂▁
wandb:                   val/loss ▆▇▃▅▅▇▃▆▃▅▄▆▄▃▅▅▃▂▄▂█▄▃▇▆▅▃▃▆▃▂▆▄▃▁▆▁▄▃▄
wandb:                    val/mae ▁
wandb:                   val/mape ▁
wandb:                    val/mse ▁
wandb:                   val/rmse ▁
wandb: 
wandb: Run summary:
wandb:                      epoch 149
wandb:         model/architecture Model(
wandb:   (embedding)...
wandb: model/non_trainable_params 0
wandb:         model/total_params 443904
wandb:     model/trainable_params 443904
wandb:                  test/loss 0.07308
wandb:                 train/loss 0.05982
wandb:                   val/loss 0.04041
wandb:                    val/mae 0.10572
wandb:                   val/mape 1.01088
wandb:                    val/mse 0.07378
wandb:                   val/rmse 0.27162
wandb: 
wandb: 🚀 View run Mamba_custom_sl96_pl14 at: https://wandb.ai/blessingeleer-programming-university-of-the-witwatersrand/financial-forecasting2/runs/z2774rob
wandb: ⭐️ View project at: https://wandb.ai/blessingeleer-programming-university-of-the-witwatersrand/financial-forecasting2
wandb: Synced 6 W&B file(s), 4 media file(s), 0 artifact file(s) and 0 other file(s)
wandb: Find logs at: ./wandb/run-20251027_001653-z2774rob/logs
Exception in thread IntMsgThr:
Traceback (most recent call last):
  File "/home-mscluster/bkodze/miniconda3/envs/finalenv/lib/python3.8/threading.py", line 932, in _bootstrap_inner
Exception in thread ChkStopThr:
Traceback (most recent call last):
  File "/home-mscluster/bkodze/miniconda3/envs/finalenv/lib/python3.8/threading.py", line 932, in _bootstrap_inner
    self.run()
  File "/home-mscluster/bkodze/miniconda3/envs/finalenv/lib/python3.8/threading.py", line 870, in run
    self.run()
  File "/home-mscluster/bkodze/miniconda3/envs/finalenv/lib/python3.8/threading.py", line 870, in run
    self._target(*self._args, **self._kwargs)
  File "/home-mscluster/bkodze/miniconda3/envs/finalenv/lib/python3.8/site-packages/wandb/sdk/wandb_run.py", line 286, in check_stop_status
    self._target(*self._args, **self._kwargs)
  File "/home-mscluster/bkodze/miniconda3/envs/finalenv/lib/python3.8/site-packages/wandb/sdk/wandb_run.py", line 300, in check_internal_messages
    self._loop_check_status(    
  File "/home-mscluster/bkodze/miniconda3/envs/finalenv/lib/python3.8/site-packages/wandb/sdk/wandb_run.py", line 224, in _loop_check_status
self._loop_check_status(
  File "/home-mscluster/bkodze/miniconda3/envs/finalenv/lib/python3.8/site-packages/wandb/sdk/wandb_run.py", line 224, in _loop_check_status
    local_handle = request()
  File "/home-mscluster/bkodze/miniconda3/envs/finalenv/lib/python3.8/site-packages/wandb/sdk/interface/interface.py", line 840, in deliver_stop_status
    local_handle = request()
  File "/home-mscluster/bkodze/miniconda3/envs/finalenv/lib/python3.8/site-packages/wandb/sdk/interface/interface.py", line 856, in deliver_internal_messages
    return self._deliver_stop_status(status)
  File "/home-mscluster/bkodze/miniconda3/envs/finalenv/lib/python3.8/site-packages/wandb/sdk/interface/interface_shared.py", line 494, in _deliver_stop_status
    return self._deliver_internal_messages(internal_message)
  File "/home-mscluster/bkodze/miniconda3/envs/finalenv/lib/python3.8/site-packages/wandb/sdk/interface/interface_shared.py", line 516, in _deliver_internal_messages
    return self._deliver_record(record)
  File "/home-mscluster/bkodze/miniconda3/envs/finalenv/lib/python3.8/site-packages/wandb/sdk/interface/interface_shared.py", line 459, in _deliver_record
    return self._deliver_record(record)
  File "/home-mscluster/bkodze/miniconda3/envs/finalenv/lib/python3.8/site-packages/wandb/sdk/interface/interface_shared.py", line 459, in _deliver_record
    handle = mailbox._deliver_record(record, interface=self)    handle = mailbox._deliver_record(record, interface=self)
  File "/home-mscluster/bkodze/miniconda3/envs/finalenv/lib/python3.8/site-packages/wandb/sdk/lib/mailbox.py", line 455, in _deliver_record

  File "/home-mscluster/bkodze/miniconda3/envs/finalenv/lib/python3.8/site-packages/wandb/sdk/lib/mailbox.py", line 455, in _deliver_record
    interface._publish(record)
  File "/home-mscluster/bkodze/miniconda3/envs/finalenv/lib/python3.8/site-packages/wandb/sdk/interface/interface_sock.py", line 51, in _publish
    interface._publish(record)
  File "/home-mscluster/bkodze/miniconda3/envs/finalenv/lib/python3.8/site-packages/wandb/sdk/interface/interface_sock.py", line 51, in _publish
    self._sock_client.send_record_publish(record)
  File "/home-mscluster/bkodze/miniconda3/envs/finalenv/lib/python3.8/site-packages/wandb/sdk/lib/sock_client.py", line 221, in send_record_publish
    self._sock_client.send_record_publish(record)
  File "/home-mscluster/bkodze/miniconda3/envs/finalenv/lib/python3.8/site-packages/wandb/sdk/lib/sock_client.py", line 221, in send_record_publish
    self.send_server_request(server_req)
  File "/home-mscluster/bkodze/miniconda3/envs/finalenv/lib/python3.8/site-packages/wandb/sdk/lib/sock_client.py", line 155, in send_server_request
    self.send_server_request(server_req)    self._send_message(msg)
  File "/home-mscluster/bkodze/miniconda3/envs/finalenv/lib/python3.8/site-packages/wandb/sdk/lib/sock_client.py", line 152, in _send_message

  File "/home-mscluster/bkodze/miniconda3/envs/finalenv/lib/python3.8/site-packages/wandb/sdk/lib/sock_client.py", line 155, in send_server_request
    self._sendall_with_error_handle(header + data)
  File "/home-mscluster/bkodze/miniconda3/envs/finalenv/lib/python3.8/site-packages/wandb/sdk/lib/sock_client.py", line 130, in _sendall_with_error_handle
    self._send_message(msg)
  File "/home-mscluster/bkodze/miniconda3/envs/finalenv/lib/python3.8/site-packages/wandb/sdk/lib/sock_client.py", line 152, in _send_message
    sent = self._sock.send(data)
BrokenPipeError: [Errno 32] Broken pipe
    self._sendall_with_error_handle(header + data)
  File "/home-mscluster/bkodze/miniconda3/envs/finalenv/lib/python3.8/site-packages/wandb/sdk/lib/sock_client.py", line 130, in _sendall_with_error_handle
    sent = self._sock.send(data)
BrokenPipeError: [Errno 32] Broken pipe
Using GPU
Args in experiment:
[1mBasic Config[0m
  Task Name:          long_term_forecast  Is Training:        1                   
  Model ID:           Exchange_30         Model:              Mamba               

[1mData Loader[0m
  Data:               custom              Root Path:          ./dataset/exchange_rate/
  Data Path:          exchange_rate.csv   Features:           M                   
  Target:             OT                  Freq:               h                   
  Checkpoints:        ./checkpoints/      

[1mForecasting Task[0m
  Seq Len:            96                  Label Len:          48                  
  Pred Len:           30                  Seasonal Patterns:  Monthly             
  Inverse:            0                   

[1mModel Parameters[0m
  Top k:              5                   Num Kernels:        6                   
  Enc In:             5                   Dec In:             5                   
  C Out:              5                   d model:            256                 
  n heads:            8                   e layers:           2                   
  d layers:           1                   d FF:               16                  
  Moving Avg:         25                  Factor:             1                   
  Distil:             1                   Dropout:            0.1                 
  Embed:              timeF               Activation:         gelu                

[1mRun Parameters[0m
  Num Workers:        10                  Itr:                1                   
  Train Epochs:       150                 Batch Size:         32                  
  Patience:           999                 Learning Rate:      0.0001              
  Des:                Exp                 Loss:               MSE                 
  Lradj:              type1               Use Amp:            0                   

[1mGPU[0m
  Use GPU:            1                   GPU:                0                   
  Use Multi GPU:      0                   Devices:            0,1,2,3             

[1mDe-stationary Projector Params[0m
  P Hidden Dims:      128, 128            P Hidden Layers:    2                   

Please make sure you have successfully installed mamba_ssm
Use GPU: cuda:0
wandb: Currently logged in as: blessingeleer-programming (blessingeleer-programming-university-of-the-witwatersrand). Use `wandb login --relogin` to force relogin
wandb: wandb version 0.22.2 is available!  To upgrade, please run:
wandb:  $ pip install wandb --upgrade
wandb: Tracking run with wandb version 0.16.6
wandb: Run data is saved locally in /home-mscluster/bkodze/Time-Series-Library/wandb/run-20251027_002233-amqx2plj
wandb: Run `wandb offline` to turn off syncing.
wandb: Syncing run Mamba_custom_sl96_pl30
wandb: ⭐️ View project at https://wandb.ai/blessingeleer-programming-university-of-the-witwatersrand/financial-forecasting2
wandb: 🚀 View run at https://wandb.ai/blessingeleer-programming-university-of-the-witwatersrand/financial-forecasting2/runs/amqx2plj
✅ W&B initialized: Mamba_custom_sl96_pl30
   Dashboard: https://wandb.ai/blessingeleer-programming-university-of-the-witwatersrand/financial-forecasting2/runs/amqx2plj
>>>>>>>start training : long_term_forecast_Exchange_30_Mamba_custom_ftM_sl96_ll48_pl30_dm256_nh8_el2_dl1_df16_expand2_dc4_fc1_ebtimeF_dtTrue_Exp_0>>>>>>>>>>>>>>>>>>>>>>>>>>
============================================================
DATASET SPLIT INFO (90/5/5):
============================================================
Total samples: 5193
Train: 4673 samples (90%) - rows 0 to 4672
Val: 259 samples (5%) - rows 4673 to 4931
Test: 261 samples (5%) - rows 4932 to 5192
Sequence length: 96, Prediction length: 30
============================================================
train 4548
val 230
test 232
Validation loss decreased (inf --> 0.036937).  Saving model ...
Updating learning rate to 0.0001
Validation loss decreased (0.036937 --> 0.036789).  Saving model ...
Updating learning rate to 5e-05
Validation loss decreased (0.036789 --> 0.036219).  Saving model ...
Updating learning rate to 2.5e-05
EarlyStopping counter: 1 out of 999
Updating learning rate to 1.25e-05
EarlyStopping counter: 2 out of 999
Updating learning rate to 6.25e-06
EarlyStopping counter: 3 out of 999
Updating learning rate to 3.125e-06
wandb: WARNING Step only supports monotonically increasing values, use define_metric to set a custom x axis. For details see: https://wandb.me/define-metric
wandb: WARNING (User provided step: 0 is less than current step: 2. Dropping entry: {'epoch': 0, 'train/loss': 0.07715293671284522, 'val/loss': 0.036937187192961574, 'test/loss': 0.07085259072482586, '_timestamp': 1761517363.052878}).
wandb: WARNING (User provided step: 1 is less than current step: 2. Dropping entry: {'epoch': 1, 'train/loss': 0.06927820328961719, 'val/loss': 0.0367889441549778, 'test/loss': 0.06689419411122799, '_timestamp': 1761517365.195694}).
EarlyStopping counter: 4 out of 999
Updating learning rate to 1.5625e-06
EarlyStopping counter: 5 out of 999
Updating learning rate to 7.8125e-07
EarlyStopping counter: 6 out of 999
Updating learning rate to 3.90625e-07
EarlyStopping counter: 7 out of 999
Updating learning rate to 1.953125e-07
EarlyStopping counter: 8 out of 999
Updating learning rate to 9.765625e-08
EarlyStopping counter: 9 out of 999
Updating learning rate to 4.8828125e-08
EarlyStopping counter: 10 out of 999
Updating learning rate to 2.44140625e-08
EarlyStopping counter: 11 out of 999
Updating learning rate to 1.220703125e-08
EarlyStopping counter: 12 out of 999
Updating learning rate to 6.103515625e-09
EarlyStopping counter: 13 out of 999
Updating learning rate to 3.0517578125e-09
EarlyStopping counter: 14 out of 999
Updating learning rate to 1.52587890625e-09
EarlyStopping counter: 15 out of 999
Updating learning rate to 7.62939453125e-10
EarlyStopping counter: 16 out of 999
Updating learning rate to 3.814697265625e-10
EarlyStopping counter: 17 out of 999
Updating learning rate to 1.9073486328125e-10
EarlyStopping counter: 18 out of 999
Updating learning rate to 9.5367431640625e-11
EarlyStopping counter: 19 out of 999
Updating learning rate to 4.76837158203125e-11
EarlyStopping counter: 20 out of 999
Updating learning rate to 2.384185791015625e-11
EarlyStopping counter: 21 out of 999
Updating learning rate to 1.1920928955078126e-11
EarlyStopping counter: 22 out of 999
Updating learning rate to 5.960464477539063e-12
EarlyStopping counter: 23 out of 999
Updating learning rate to 2.9802322387695314e-12
EarlyStopping counter: 24 out of 999
Updating learning rate to 1.4901161193847657e-12
EarlyStopping counter: 25 out of 999
Updating learning rate to 7.450580596923828e-13
EarlyStopping counter: 26 out of 999
Updating learning rate to 3.725290298461914e-13
EarlyStopping counter: 27 out of 999
Updating learning rate to 1.862645149230957e-13
EarlyStopping counter: 28 out of 999
Updating learning rate to 9.313225746154786e-14
EarlyStopping counter: 29 out of 999
Updating learning rate to 4.656612873077393e-14
EarlyStopping counter: 30 out of 999
Updating learning rate to 2.3283064365386964e-14
EarlyStopping counter: 31 out of 999
Updating learning rate to 1.1641532182693482e-14
EarlyStopping counter: 32 out of 999
Updating learning rate to 5.820766091346741e-15
EarlyStopping counter: 33 out of 999
Updating learning rate to 2.9103830456733705e-15
EarlyStopping counter: 34 out of 999
Updating learning rate to 1.4551915228366853e-15
EarlyStopping counter: 35 out of 999
Updating learning rate to 7.275957614183426e-16
EarlyStopping counter: 36 out of 999
Updating learning rate to 3.637978807091713e-16
Validation loss decreased (0.036219 --> 0.036080).  Saving model ...
Updating learning rate to 1.8189894035458566e-16
EarlyStopping counter: 1 out of 999
Updating learning rate to 9.094947017729283e-17
EarlyStopping counter: 2 out of 999
Updating learning rate to 4.5474735088646414e-17
EarlyStopping counter: 3 out of 999
Updating learning rate to 2.2737367544323207e-17
EarlyStopping counter: 4 out of 999
Updating learning rate to 1.1368683772161604e-17
EarlyStopping counter: 5 out of 999
Updating learning rate to 5.684341886080802e-18
EarlyStopping counter: 6 out of 999
Updating learning rate to 2.842170943040401e-18
EarlyStopping counter: 7 out of 999
Updating learning rate to 1.4210854715202004e-18
EarlyStopping counter: 8 out of 999
Updating learning rate to 7.105427357601002e-19
EarlyStopping counter: 9 out of 999
Updating learning rate to 3.552713678800501e-19
EarlyStopping counter: 10 out of 999
Updating learning rate to 1.7763568394002505e-19
EarlyStopping counter: 11 out of 999
Updating learning rate to 8.881784197001253e-20
EarlyStopping counter: 12 out of 999
Updating learning rate to 4.4408920985006264e-20
EarlyStopping counter: 13 out of 999
Updating learning rate to 2.2204460492503132e-20
EarlyStopping counter: 14 out of 999
Updating learning rate to 1.1102230246251566e-20
EarlyStopping counter: 15 out of 999
Updating learning rate to 5.551115123125783e-21
EarlyStopping counter: 16 out of 999
Updating learning rate to 2.7755575615628915e-21
EarlyStopping counter: 17 out of 999
Updating learning rate to 1.3877787807814457e-21
EarlyStopping counter: 18 out of 999
Updating learning rate to 6.938893903907229e-22
EarlyStopping counter: 19 out of 999
Updating learning rate to 3.4694469519536144e-22
EarlyStopping counter: 20 out of 999
Updating learning rate to 1.7347234759768072e-22
EarlyStopping counter: 21 out of 999
Updating learning rate to 8.673617379884036e-23
EarlyStopping counter: 22 out of 999
Updating learning rate to 4.336808689942018e-23
EarlyStopping counter: 23 out of 999
Updating learning rate to 2.168404344971009e-23
EarlyStopping counter: 24 out of 999
Updating learning rate to 1.0842021724855045e-23
EarlyStopping counter: 25 out of 999
Updating learning rate to 5.4210108624275224e-24
EarlyStopping counter: 26 out of 999
Updating learning rate to 2.7105054312137612e-24
EarlyStopping counter: 27 out of 999
Updating learning rate to 1.3552527156068806e-24
EarlyStopping counter: 28 out of 999
Updating learning rate to 6.776263578034403e-25
EarlyStopping counter: 29 out of 999
Updating learning rate to 3.3881317890172015e-25
EarlyStopping counter: 30 out of 999
Updating learning rate to 1.6940658945086008e-25
EarlyStopping counter: 31 out of 999
Updating learning rate to 8.470329472543004e-26
EarlyStopping counter: 32 out of 999
Updating learning rate to 4.235164736271502e-26
EarlyStopping counter: 33 out of 999
Updating learning rate to 2.117582368135751e-26
EarlyStopping counter: 34 out of 999
Updating learning rate to 1.0587911840678755e-26
EarlyStopping counter: 35 out of 999
Updating learning rate to 5.2939559203393774e-27
EarlyStopping counter: 36 out of 999
Updating learning rate to 2.6469779601696887e-27
EarlyStopping counter: 37 out of 999
Updating learning rate to 1.3234889800848443e-27
EarlyStopping counter: 38 out of 999
Updating learning rate to 6.617444900424222e-28
EarlyStopping counter: 39 out of 999
Updating learning rate to 3.308722450212111e-28
EarlyStopping counter: 40 out of 999
Updating learning rate to 1.6543612251060554e-28
EarlyStopping counter: 41 out of 999
Updating learning rate to 8.271806125530277e-29
EarlyStopping counter: 42 out of 999
Updating learning rate to 4.1359030627651386e-29
EarlyStopping counter: 43 out of 999
Updating learning rate to 2.0679515313825693e-29
EarlyStopping counter: 44 out of 999
Updating learning rate to 1.0339757656912846e-29
EarlyStopping counter: 45 out of 999
Updating learning rate to 5.169878828456423e-30
EarlyStopping counter: 46 out of 999
Updating learning rate to 2.5849394142282116e-30
EarlyStopping counter: 47 out of 999
Updating learning rate to 1.2924697071141058e-30
EarlyStopping counter: 48 out of 999
Updating learning rate to 6.462348535570529e-31
EarlyStopping counter: 49 out of 999
Updating learning rate to 3.2311742677852645e-31
EarlyStopping counter: 50 out of 999
Updating learning rate to 1.6155871338926323e-31
EarlyStopping counter: 51 out of 999
Updating learning rate to 8.077935669463161e-32
EarlyStopping counter: 52 out of 999
Updating learning rate to 4.0389678347315806e-32
EarlyStopping counter: 53 out of 999
Updating learning rate to 2.0194839173657903e-32
EarlyStopping counter: 54 out of 999
Updating learning rate to 1.0097419586828952e-32
EarlyStopping counter: 55 out of 999
Updating learning rate to 5.048709793414476e-33
EarlyStopping counter: 56 out of 999
Updating learning rate to 2.524354896707238e-33
EarlyStopping counter: 57 out of 999
Updating learning rate to 1.262177448353619e-33
EarlyStopping counter: 58 out of 999
Updating learning rate to 6.310887241768095e-34
EarlyStopping counter: 59 out of 999
Updating learning rate to 3.1554436208840474e-34
EarlyStopping counter: 60 out of 999
Updating learning rate to 1.5777218104420237e-34
EarlyStopping counter: 61 out of 999
Updating learning rate to 7.888609052210118e-35
EarlyStopping counter: 62 out of 999
Updating learning rate to 3.944304526105059e-35
EarlyStopping counter: 63 out of 999
Updating learning rate to 1.9721522630525296e-35
EarlyStopping counter: 64 out of 999
Updating learning rate to 9.860761315262648e-36
EarlyStopping counter: 65 out of 999
Updating learning rate to 4.930380657631324e-36
EarlyStopping counter: 66 out of 999
Updating learning rate to 2.465190328815662e-36
EarlyStopping counter: 67 out of 999
Updating learning rate to 1.232595164407831e-36
EarlyStopping counter: 68 out of 999
Updating learning rate to 6.162975822039155e-37
EarlyStopping counter: 69 out of 999
Updating learning rate to 3.0814879110195775e-37
EarlyStopping counter: 70 out of 999
Updating learning rate to 1.5407439555097888e-37
EarlyStopping counter: 71 out of 999
Updating learning rate to 7.703719777548944e-38
EarlyStopping counter: 72 out of 999
Updating learning rate to 3.851859888774472e-38
EarlyStopping counter: 73 out of 999
Updating learning rate to 1.925929944387236e-38
EarlyStopping counter: 74 out of 999
Updating learning rate to 9.62964972193618e-39
EarlyStopping counter: 75 out of 999
Updating learning rate to 4.81482486096809e-39
EarlyStopping counter: 76 out of 999
Updating learning rate to 2.407412430484045e-39
EarlyStopping counter: 77 out of 999
Updating learning rate to 1.2037062152420225e-39
EarlyStopping counter: 78 out of 999
Updating learning rate to 6.018531076210112e-40
EarlyStopping counter: 79 out of 999
Updating learning rate to 3.009265538105056e-40
EarlyStopping counter: 80 out of 999
Updating learning rate to 1.504632769052528e-40
EarlyStopping counter: 81 out of 999
Updating learning rate to 7.52316384526264e-41
EarlyStopping counter: 82 out of 999
Updating learning rate to 3.76158192263132e-41
EarlyStopping counter: 83 out of 999
Updating learning rate to 1.88079096131566e-41
EarlyStopping counter: 84 out of 999
Updating learning rate to 9.4039548065783e-42
EarlyStopping counter: 85 out of 999
Updating learning rate to 4.70197740328915e-42
EarlyStopping counter: 86 out of 999
Updating learning rate to 2.350988701644575e-42
EarlyStopping counter: 87 out of 999
Updating learning rate to 1.1754943508222876e-42
EarlyStopping counter: 88 out of 999
Updating learning rate to 5.877471754111438e-43
EarlyStopping counter: 89 out of 999
Updating learning rate to 2.938735877055719e-43
EarlyStopping counter: 90 out of 999
Updating learning rate to 1.4693679385278595e-43
EarlyStopping counter: 91 out of 999
Updating learning rate to 7.346839692639297e-44
EarlyStopping counter: 92 out of 999
Updating learning rate to 3.6734198463196486e-44
EarlyStopping counter: 93 out of 999
Updating learning rate to 1.8367099231598243e-44
EarlyStopping counter: 94 out of 999
Updating learning rate to 9.183549615799122e-45
EarlyStopping counter: 95 out of 999
Updating learning rate to 4.591774807899561e-45
EarlyStopping counter: 96 out of 999
Updating learning rate to 2.2958874039497804e-45
EarlyStopping counter: 97 out of 999
Updating learning rate to 1.1479437019748902e-45
EarlyStopping counter: 98 out of 999
Updating learning rate to 5.739718509874451e-46
EarlyStopping counter: 99 out of 999
Updating learning rate to 2.8698592549372255e-46
EarlyStopping counter: 100 out of 999
Updating learning rate to 1.4349296274686127e-46
EarlyStopping counter: 101 out of 999
Updating learning rate to 7.174648137343064e-47
EarlyStopping counter: 102 out of 999
Updating learning rate to 3.587324068671532e-47
EarlyStopping counter: 103 out of 999
Updating learning rate to 1.793662034335766e-47
EarlyStopping counter: 104 out of 999
Updating learning rate to 8.96831017167883e-48
EarlyStopping counter: 105 out of 999
Updating learning rate to 4.484155085839415e-48
EarlyStopping counter: 106 out of 999
Updating learning rate to 2.2420775429197074e-48
EarlyStopping counter: 107 out of 999
Updating learning rate to 1.1210387714598537e-48
EarlyStopping counter: 108 out of 999
Updating learning rate to 5.6051938572992686e-49
EarlyStopping counter: 109 out of 999
Updating learning rate to 2.8025969286496343e-49
EarlyStopping counter: 110 out of 999
Updating learning rate to 1.4012984643248171e-49
>>>>>>>testing : long_term_forecast_Exchange_30_Mamba_custom_ftM_sl96_ll48_pl30_dm256_nh8_el2_dl1_df16_expand2_dc4_fc1_ebtimeF_dtTrue_Exp_0<<<<<<<<<<<<<<<<<<<<<<<<<<<<<<<<<
test 232
test shape: (232, 30, 5) (232, 30, 5)
test shape: (232, 30, 5) (232, 30, 5)
Traceback (most recent call last):
  File "run_wandb.py", line 216, in <module>
    exp.test(setting)
  File "/home-mscluster/bkodze/Time-Series-Library/exp/exp_long_term_forecasting.py", line 302, in test
    self.wandb_logger.log_predictions_table(trues, preds, split=split_name, max_rows=100)
AttributeError: 'WandbLogger' object has no attribute 'log_predictions_table'
wandb: - 0.374 MB of 0.374 MB uploadedwandb: \ 0.374 MB of 0.374 MB uploadedwandb: | 0.374 MB of 0.451 MB uploadedwandb: / 0.451 MB of 0.451 MB uploadedwandb: - 0.451 MB of 0.451 MB uploadedwandb: 
wandb: Run history:
wandb:                      epoch ▁▁▁▁▂▂▂▂▂▃▃▃▃▃▃▄▄▄▄▄▅▅▅▅▅▅▆▆▆▆▆▇▇▇▇▇▇███
wandb: model/non_trainable_params ▁
wandb:         model/total_params ▁
wandb:     model/trainable_params ▁
wandb:                  test/loss ▃▁█▇▇▇▇▇▇▇▇▇▇▇▇▇▇▇▇▇▇▇▇▇▇▇▇▇▇▇▇▇▇▇▇▇▇▇▇▇
wandb:                 train/loss ▆▃▂▂▂▃▁▂▁▃▁▂█▃▂▁▁▂▂▁▂▂▁▂▁▁▁▁▂▁▁▁▁▁▁▂▃▂▁▁
wandb:                   val/loss ▄▆▄▇▄▂▄▅▂▄▁▆▃▂▄▇▂▇▃▆▃▃▃▆▂▅▅▆▅▃█▄▃▄▄▆▂▄▄▄
wandb:                    val/mae ▁
wandb:                   val/mape ▁
wandb:                    val/mse ▁
wandb:                   val/rmse ▁
wandb: 
wandb: Run summary:
wandb:                      epoch 149
wandb:         model/architecture Model(
wandb:   (embedding)...
wandb: model/non_trainable_params 0
wandb:         model/total_params 443904
wandb:     model/trainable_params 443904
wandb:                  test/loss 0.06776
wandb:                 train/loss 0.06381
wandb:                   val/loss 0.03777
wandb:                    val/mae 0.11052
wandb:                   val/mape 0.62075
wandb:                    val/mse 0.07036
wandb:                   val/rmse 0.26525
wandb: 
wandb: 🚀 View run Mamba_custom_sl96_pl30 at: https://wandb.ai/blessingeleer-programming-university-of-the-witwatersrand/financial-forecasting2/runs/amqx2plj
wandb: ⭐️ View project at: https://wandb.ai/blessingeleer-programming-university-of-the-witwatersrand/financial-forecasting2
wandb: Synced 6 W&B file(s), 4 media file(s), 0 artifact file(s) and 0 other file(s)
wandb: Find logs at: ./wandb/run-20251027_002233-amqx2plj/logs
